// Jest Snapshot v1, https://goo.gl/fbAQLP

exports[`App Take a picture 1`] = `[Function]`;

exports[`Testing navBar Take a picture 1`] = `[Function]`;
